Target Part: A3P060_VQFP100_-1
Report for cell W_74HC148.verilog
  Core Cell usage:
              cell count     area count*area
               AO1     2      1.0        2.0
              AO1C     1      1.0        1.0
               GND     1      0.0        0.0
              NOR2     1      1.0        1.0
             NOR2B     5      1.0        5.0
              NOR3     1      1.0        1.0
             NOR3A     1      1.0        1.0
             NOR3B     1      1.0        1.0
             NOR3C     1      1.0        1.0
              OA1A     1      1.0        1.0
               OR2     1      1.0        1.0
              OR3B     1      1.0        1.0
               VCC     1      0.0        0.0


                   -----          ----------
             TOTAL    18                16.0


  IO Cell usage:
              cell count
             INBUF     9
            OUTBUF     5
                   -----
             TOTAL    14


Core Cells         : 16 of 1536 (1%)
IO Cells           : 14

  RAM/ROM Usage Summary
Block Rams : 0 of 4 (0%)

