Microsemi Libero Software
Version: 11.9.0.4
Release: v11.9

Created a new design.
'BA_NAME' set to 'W_74HC283_ba'
'IDE_DESIGNERVIEW_NAME' set to 'Impl1'
'IDE_DESIGNERVIEW_COUNT' set to '1'
'IDE_DESIGNERVIEW_REV0' set to 'Impl1'
'IDE_DESIGNERVIEW_REVNUM0' set to '1'
'IDE_DESIGNERVIEW_ROOTDIR' set to 'C:\EDA\W_74HC283\designer'
'IDE_DESIGNERVIEW_LASTREV' set to '1'
'DESDIR' set to 'C:/EDA/W_74HC283/designer/impl1'
'BA_DIR' set to 'C:/EDA/W_74HC283/designer/impl1'
'BA_NETLIST_ALSO' set to '1'
'EDNINFLAVOR' set to 'GENERIC'
'NETLIST_NAMING_STYLE' set to 'VERILOG'
'EXPORT_STATUS_REPORT' set to '1'
'EXPORT_STATUS_REPORT_FILENAME' set to 'W_74HC283.rpt'
'AUDIT_NETLIST_FILE' set to '1'
'AUDIT_DCF_FILE' set to '1'
'AUDIT_PIN_FILE' set to '1'
'AUDIT_ADL_FILE' set to '1'

 Netlist Reading Time = 0.0 seconds
Imported the file:
   C:\EDA\W_74HC283\synthesis\W_74HC283.edn

The Import command succeeded ( 00:00:01 )
Design saved to file W_74HC283.adb.
=====================================================================
Parameters used to run compile:
===============================

Family      : ProASIC3
Device      : A3P060
Package     : 100 VQFP
Source      : C:\EDA\W_74HC283\synthesis\W_74HC283.edn
Format      : EDIF
Topcell     : W_74HC283
Speed grade : -1
Temp        : 0:25:70
Voltage     : 1.58:1.50:1.42

Keep Existing Physical Constraints : No
Keep Existing Timing Constraints   : Yes

pdc_abort_on_error                 : Yes
pdc_eco_display_unmatched_objects  : No
pdc_eco_max_warnings               : 10000

demote_globals                     : No
promote_globals                    : No
localclock_max_shared_instances    : 12
localclock_buffer_tree_max_fanout  : 12

combine_register                   : No
delete_buffer_tree                 : No

report_high_fanout_nets_limit      : 10

=====================================================================
Compile starts ...


Netlist Optimization Report
===========================

Optimized macros:
  - Dangling net drivers:   0
  - Buffers:                0
  - Inverters:              0
  - Tieoff:                 0
  - Logic combining:        0

    Total macros optimized  0

There were 0 error(s) and 0 warning(s) in this design.
=====================================================================
Compile report:
===============

    CORE                       Used:      8  Total:   1536   (0.52%)
    IO (W/ clocks)             Used:     14  Total:     71   (19.72%)
    GLOBAL (Chip+Quadrant)     Used:      0  Total:     18   (0.00%)
    PLL                        Used:      0  Total:      1   (0.00%)
    RAM/FIFO                   Used:      0  Total:      4   (0.00%)
    Low Static ICC             Used:      0  Total:      1   (0.00%)
    FlashROM                   Used:      0  Total:      1   (0.00%)
    User JTAG                  Used:      0  Total:      1   (0.00%)

Global Information:

    Type            | Used   | Total
    ----------------|--------|--------------
    Chip global     | 0      | 6  (0.00%)*
    Quadrant global | 0      | 12 (0.00%)

    (*) Chip globals may be assigned to Quadrant globals using the Multi-View Navigator (MVN)
        or Physical Design Constraints (PDC).
        They may also be assigned to Quadrant globals automatically during Layout.

Core Information:

    Type    | Instances    | Core tiles
    --------|--------------|-----------
    COMB    | 8            | 8
    SEQ     | 0            | 0

I/O Function:

    Type                                  | w/o register  | w/ register  | w/ DDR register
    --------------------------------------|---------------|--------------|----------------
    Input I/O                             | 9             | 0            | 0
    Output I/O                            | 5             | 0            | 0
    Bidirectional I/O                     | 0             | 0            | 0
    Differential Input I/O Pairs          | 0             | 0            | 0
    Differential Output I/O Pairs         | 0             | 0            | 0

I/O Technology:

                                    |   Voltages    |             I/Os
    --------------------------------|-------|-------|-------|--------|--------------
    I/O Standard(s)                 | Vcci  | Vref  | Input | Output | Bidirectional
    --------------------------------|-------|-------|-------|--------|--------------
    LVTTL                           | 3.30v | N/A   | 9     | 5      | 0

I/O Placement:

    Locked  :   0
    Placed  :   0
    UnPlaced:  14 ( 100.00% )

Net information report:
=======================

High fanout nets in the post compile netlist:
    Fanout  Type          Name
    --------------------------
    2       INT_NET       Net   : Sum_1_0_0.N_14
                          Driver: Sum_1_0_0_ADD_4x4_slow_I1_S_i_o3
    2       INT_NET       Net   : Sum_1_0_0.N_15
                          Driver: Sum_1_0_0_ADD_4x4_slow_I2_S_i_o3
    2       INT_NET       Net   : Sum_1_0_0.N_16
                          Driver: Sum_1_0_0_ADD_4x4_slow_I3_CO1_i_o3
    2       INT_NET       Net   : DataA_c[0]
                          Driver: DataA_pad[0]
    2       INT_NET       Net   : DataA_c[1]
                          Driver: DataA_pad[1]
    2       INT_NET       Net   : DataA_c[2]
                          Driver: DataA_pad[2]
    2       INT_NET       Net   : DataA_c[3]
                          Driver: DataA_pad[3]
    2       INT_NET       Net   : DataB_c[0]
                          Driver: DataB_pad[0]
    2       INT_NET       Net   : DataB_c[1]
                          Driver: DataB_pad[1]
    2       INT_NET       Net   : DataB_c[2]
                          Driver: DataB_pad[2]

Nets that are candidates for clock assignment and the resulting fanout:
    Fanout  Type          Name
    --------------------------
    2       INT_NET       Net   : Sum_1_0_0.N_14
                          Driver: Sum_1_0_0_ADD_4x4_slow_I1_S_i_o3
    2       INT_NET       Net   : Sum_1_0_0.N_15
                          Driver: Sum_1_0_0_ADD_4x4_slow_I2_S_i_o3
    2       INT_NET       Net   : Sum_1_0_0.N_16
                          Driver: Sum_1_0_0_ADD_4x4_slow_I3_CO1_i_o3
    2       INT_NET       Net   : DataA_c[0]
                          Driver: DataA_pad[0]
    2       INT_NET       Net   : DataA_c[1]
                          Driver: DataA_pad[1]
    2       INT_NET       Net   : DataA_c[2]
                          Driver: DataA_pad[2]
    2       INT_NET       Net   : DataA_c[3]
                          Driver: DataA_pad[3]
    2       INT_NET       Net   : DataB_c[0]
                          Driver: DataB_pad[0]
    2       INT_NET       Net   : DataB_c[1]
                          Driver: DataB_pad[1]
    2       INT_NET       Net   : DataB_c[2]
                          Driver: DataB_pad[2]

The Compile command succeeded ( 00:00:00 )
Wrote status report to file: W_74HC283_compile_report.txt

The Report command succeeded ( 00:00:00 )
Wrote pin report to file: W_74HC283_report_pin_byname.txt

The Report command succeeded ( 00:00:01 )
Wrote pin report to file: W_74HC283_report_pin_bynumber.txt

The Report command succeeded ( 00:00:01 )
Design saved to file C:\EDA\W_74HC283\designer\impl1\W_74HC283.adb.

The Execute Script command succeeded ( 00:00:05 )
Design closed.

